../Core/Src/main.c:58:6:display7SEG	16	static
../Core/Src/main.c:178:6:update7SEG	16	static
../Core/Src/main.c:223:6:updateClockBuffer	16	static
../Core/Src/main.c:250:6:setTimer0	16	static
../Core/Src/main.c:255:6:timer_run	4	static
../Core/Src/main.c:269:5:main	8	static
../Core/Src/main.c:337:6:SystemClock_Config	72	static
../Core/Src/main.c:374:13:MX_TIM2_Init	32	static
../Core/Src/main.c:419:13:MX_GPIO_Init	32	static
../Core/Src/main.c:457:6:HAL_TIM_PeriodElapsedCallback	16	static
../Core/Src/main.c:494:6:Error_Handler	4	static,ignoring_inline_asm
