../Core/Src/main.c:66:6:display7SEG	16	static
../Core/Src/main.c:194:6:update7SEG	16	static
../Core/Src/main.c:253:6:updateBuffer	16	static
../Core/Src/main.c:273:6:led_buffer_edit	4	static
../Core/Src/main.c:292:5:main	8	static
../Core/Src/main.c:377:6:SystemClock_Config	72	static
../Core/Src/main.c:414:13:MX_TIM2_Init	32	static
../Core/Src/main.c:459:13:MX_GPIO_Init	40	static
../Core/Src/main.c:506:6:HAL_TIM_PeriodElapsedCallback	16	static
../Core/Src/main.c:519:6:Error_Handler	4	static,ignoring_inline_asm
