../Core/Src/main.c:60:6:led1test	8	static
../Core/Src/main.c:63:6:led2test	8	static
../Core/Src/main.c:66:6:led3test	8	static
../Core/Src/main.c:69:6:led4test	8	static
../Core/Src/main.c:72:6:led5test	8	static
../Core/Src/main.c:81:5:main	8	static
../Core/Src/main.c:130:6:SystemClock_Config	72	static
../Core/Src/main.c:167:13:MX_TIM2_Init	32	static
../Core/Src/main.c:212:13:MX_GPIO_Init	32	static
../Core/Src/main.c:235:6:HAL_TIM_PeriodElapsedCallback	16	static
../Core/Src/main.c:245:6:Error_Handler	4	static,ignoring_inline_asm
